// Jest Snapshot v1, https://goo.gl/fbAQLP

exports[`App.test.js should match html structure 1`] = `
<div
  id="app"
>
  <!---->
</div>
`;
